=== Daily fetch+extract run started 2026-08-15 14:34:13 ===
--- fetch_and_track.py ---
python.exe : Traceback (most recent call last):
At C:\Users\hp\Indian Bank Rag Project\automation\run_daily_pipeline.ps1:35 char:1
+ & $PythonExe "automation\fetch_and_track.py" 2>&1 | Out-File -FilePat ...
+ ~~~~~~~~~~~~~~~~~~~~~~~~~~~~~~~~~~~~~~~~~~~~~~~~~
    + CategoryInfo          : NotSpecified: (Traceback (most recent call last)::String) [], RemoteException
    + FullyQualifiedErrorId : NativeCommandError
 
  File "C:\Users\hp\Indian Bank Rag Project\automation\fetch_and_track.py", line 209, in <module>
    run()
    ~~~^^
  File "C:\Users\hp\Indian Bank Rag Project\automation\fetch_and_track.py", line 158, in run
    browser = pw.chromium.launch(headless=True)
  File "C:\Python314\Lib\site-packages\playwright\sync_api\_generated.py", line 16515, in launch
    self._sync(
    ~~~~~~~~~~^
        self._impl_obj.launch(
        ^^^^^^^^^^^^^^^^^^^^^^
    ...<17 lines>...
        )
        ^
    )
    ^
  File "C:\Python314\Lib\site-packages\playwright\_impl\_sync_base.py", line 115, in _sync
    return task.result()
           ~~~~~~~~~~~^^
  File "C:\Python314\Lib\site-packages\playwright\_impl\_browser_type.py", line 97, in launch
    await self._channel.send(
        "launch", TimeoutSettings.launch_timeout, params
    )
  File "C:\Python314\Lib\site-packages\playwright\_impl\_connection.py", line 69, in send
    return await self._connection.wrap_api_call(
           ^^^^^^^^^^^^^^^^^^^^^^^^^^^^^^^^^^^^^
    ...<3 lines>...
    )
    ^
  File "C:\Python314\Lib\site-packages\playwright\_impl\_connection.py", line 563, in wrap_api_call
    raise rewrite_error(error, f"{parsed_st['apiName']}: {error}") from None
playwright._impl._errors.Error: BrowserType.launch: Executable doesn't exist at C:\Users\hp\AppData\Local\ms-playwright
\chromium_headless_shell-1228\chrome-headless-shell-win64\chrome-headless-shell.exe
ΓòöΓòÉΓòÉΓòÉΓòÉΓòÉΓòÉΓòÉΓòÉΓòÉΓòÉΓòÉΓòÉΓòÉΓòÉΓòÉΓòÉΓòÉΓòÉΓòÉΓòÉΓòÉΓòÉΓòÉΓòÉΓòÉΓòÉΓòÉΓòÉΓòÉΓòÉΓòÉΓòÉΓòÉΓòÉΓòÉΓòÉΓòÉΓòÉΓò
ÉΓòÉΓòÉΓòÉΓòÉΓòÉΓòÉΓòÉΓòÉΓòÉΓòÉΓòÉΓòÉΓòÉΓòÉΓòÉΓòÉΓòÉΓòÉΓòÉΓòÉΓòÉΓòù
Γòæ Looks like Playwright was just installed or updated.       Γòæ
Γòæ Please run the following command to download new browsers: Γòæ
Γòæ                                                            Γòæ
Γòæ     playwright install                                     Γòæ
Γòæ                                                            Γòæ
Γòæ <3 Playwright Team                                         Γòæ
ΓòÜΓòÉΓòÉΓòÉΓòÉΓòÉΓòÉΓòÉΓòÉΓòÉΓòÉΓòÉΓòÉΓòÉΓòÉΓòÉΓòÉΓòÉΓòÉΓòÉΓòÉΓòÉΓòÉΓòÉΓòÉΓòÉΓòÉΓòÉΓòÉΓòÉΓòÉΓòÉΓòÉΓòÉΓòÉΓòÉΓòÉΓòÉΓòÉΓò
ÉΓòÉΓòÉΓòÉΓòÉΓòÉΓòÉΓòÉΓòÉΓòÉΓòÉΓòÉΓòÉΓòÉΓòÉΓòÉΓòÉΓòÉΓòÉΓòÉΓòÉΓòÉΓò¥
--- extract_structured.py ---
Nothing new to extract ΓÇö all 10 already-processed source(s) up to date.
=== Run finished 2026-08-15 14:34:17 (fetch exit=1, extract exit=0) ===
